2019-04-10 14:10:59.008 1793-1810/? I/ActivityManager: Start proc 20877:com.ticketswap.ticketswap/u0a240 for broadcast com.ticketswap.ticketswap/com.google.firebase.iid.FirebaseInstanceIdReceiver
2019-04-10 14:10:59.261 20877-20891/? D/com.facebook.i: getGraphApiVersion: v3.0
2019-04-10 14:10:59.273 20877-20891/? D/NetworkSecurityConfig: No Network Security Config specified, using platform default
2019-04-10 14:10:59.357 20877-20877/? I/CrashlyticsCore: Initializing Crashlytics 2.5.0.20
2019-04-10 14:10:59.395 20877-20877/? V/FA: Registered activity lifecycle callback
2019-04-10 14:10:59.439 20877-20918/? E/FA: GoogleService failed to initialize, status: 10, Missing google app id value from from string resources with name google_app_id.
2019-04-10 14:10:59.440 20877-20918/? I/FA: App measurement is starting up, version: 12780
2019-04-10 14:10:59.440 20877-20918/? I/FA: To enable debug logging run: adb shell setprop log.tag.FA VERBOSE
2019-04-10 14:10:59.440 20877-20918/? I/FA: To enable faster debug mode event logging run:
      adb shell setprop debug.firebase.analytics.app com.ticketswap.ticketswap
2019-04-10 14:10:59.440 20877-20918/? D/FA: Debug-level message logging enabled
2019-04-10 14:10:59.445 20877-20918/? E/FA: Missing google_app_id. Firebase Analytics disabled. See https://goo.gl/NAOOOI
2019-04-10 14:10:59.451 20877-20918/? E/FA: Uploading is not possible. App measurement disabled
2019-04-10 14:10:59.454 20877-20877/? D/LogcatTool: User is already logged in, check if we can refresh the accessToken
    facebookAccessToken: EAAFdbQl3E0cBAFbHaO9IRao3aZAHspUHnNYkQH8LD73R3ZAGo1WmPz5RbHjI4Gb2itCZBTUIlxXENGxKHoL7Xnc6JqUdNXPbzk08U7FTdZAiaB6S48BNEsEP3Jb3gPKxEVK8tITehNelYwiti8ZBmlBYbTHuz11yD174ceihWkrf7q72YXjx6lEZCyUJnZArMyV4ez1XKljZCQZDZD
2019-04-10 14:10:59.456 20877-20877/? D/com.facebook.i: getGraphApiVersion: v3.0
2019-04-10 14:10:59.456 20877-20877/? D/com.facebook.i: getGraphApiVersion: v3.0
2019-04-10 14:10:59.456 20877-20877/? W/com.facebook.a.g: activateApp events are being logged automatically. There's no need to call activateApp explicitly, this is safe to remove.
2019-04-10 14:10:59.506 20877-20877/? I/WebViewFactory: Loading com.android.chrome version 72.0.3626.121 (code 362612102)
2019-04-10 14:10:59.693 20877-20877/? I/cr_LibraryLoader: Time to load native libraries: 11 ms (timestamps 7050-7061)
2019-04-10 14:10:59.757 20877-20877/? I/chromium: [INFO:library_loader_hooks.cc(42)] Chromium logging enabled: level = 0, default verbosity = 0
2019-04-10 14:10:59.758 20877-20877/? I/cr_LibraryLoader: Expected native library version number "72.0.3626.121", actual native library version number "72.0.3626.121"
2019-04-10 14:10:59.785 1793-2068/? I/ActivityManager: Start proc 20933:com.android.chrome:webview_service/u0a77 for service com.android.chrome/org.chromium.android_webview.services.VariationsSeedServer
2019-04-10 14:10:59.880 20877-20877/? D/FirebaseApp: com.google.firebase.auth.FirebaseAuth is not linked. Skipping initialization.
2019-04-10 14:10:59.882 20877-20877/? D/FirebaseApp: com.google.firebase.crash.FirebaseCrash is not linked. Skipping initialization.
2019-04-10 14:10:59.892 20877-20892/? E/m: {HttpStatus: 400, errorCode: 10, subErrorCode: -1, errorType: OAuthException, errorMessage: (#10) The access token was not obtained using single sign-on}
2019-04-10 14:10:59.913 20877-20877/? D/LogcatTool: Starting application
2019-04-10 14:10:59.937 1793-8579/? I/ActivityManager: Killing 20142:xcxin.filexpert:sync/u0a135 (adj 906): empty #17
2019-04-10 14:10:59.937 20877-20877/? D/LogcatTool: There is a new accessToken
    facebookAccessToken: EAAFdbQl3E0cBAFbHaO9IRao3aZAHspUHnNYkQH8LD73R3ZAGo1WmPz5RbHjI4Gb2itCZBTUIlxXENGxKHoL7Xnc6JqUdNXPbzk08U7FTdZAiaB6S48BNEsEP3Jb3gPKxEVK8tITehNelYwiti8ZBmlBYbTHuz11yD174ceihWkrf7q72YXjx6lEZCyUJnZArMyV4ez1XKljZCQZDZD
2019-04-10 14:10:59.938 1793-1812/? W/zygote: kill(-20142, 9) failed: No such process
2019-04-10 14:10:59.945 20877-20877/? D/e: AccessTokenChanged
2019-04-10 14:10:59.946 20877-20877/? D/LogcatTool: setUser: 2163734707036110
2019-04-10 14:10:59.946 20877-20898/? D/com.facebook.i: getGraphApiVersion: v3.0
2019-04-10 14:10:59.953 1793-1812/? W/zygote: kill(-20142, 9) failed: No such process
2019-04-10 14:10:59.960 20933-20951/? W/aqk: platform method missing - proto runtime falling back to safer methods: java.lang.NoSuchMethodException: copyMemory [class java.lang.Object, long, class java.lang.Object, long, long]
2019-04-10 14:10:59.971 1793-1812/? W/zygote: kill(-20142, 9) failed: No such process
2019-04-10 14:10:59.987 1793-1812/? W/zygote: kill(-20142, 9) failed: No such process
2019-04-10 14:10:59.987 1793-1812/? I/zygote: Successfully killed process cgroup uid 10135 pid 20142 in 49ms
2019-04-10 14:10:59.992 20877-20895/? D/com.facebook.i: getGraphApiVersion: v3.0
2019-04-10 14:11:00.010 1793-8579/? I/ActivityManager: Killing 20164:com.instagram.android:mqtt/u0a160 (adj 906): empty #17
2019-04-10 14:11:00.011 1793-1812/? W/zygote: kill(-20164, 9) failed: No such process
2019-04-10 14:11:00.020 20877-20964/? D/LogcatTool: Show push notification
    title: Hellfest 2019 (3 Days Pass)
    body: Eric vend 2 billets pour €225.75 par billet
    url: /listing/hellfest-2019/3213140/b6e1050107
    type: wantedMatch
2019-04-10 14:11:00.021 20877-20964/? D/LogcatTool: With data
    url: ticketswap://ad/3213140/b6e1050107
    hash: b6e1050107
    path: /listing/hellfest-2019/3213140/b6e1050107
    type: wantedMatch
    title: Hellfest 2019 (3 Days Pass)
    listing_global_id: TGlzdGluZzozMjEzMTQw
    message: Eric vend 2 billets pour €225.75 par billet
2019-04-10 14:11:00.027 1793-1812/? W/zygote: kill(-20164, 9) failed: No such process
2019-04-10 14:11:00.029 20877-20918/? I/FA: Tag Manager is not found and thus will not be used
2019-04-10 14:11:00.030 20877-20918/? E/FA: Name must consist of letters, digits or _ (underscores). Type, name: event, Push Notification Received
2019-04-10 14:11:00.039 1793-1812/? W/zygote: kill(-20164, 9) failed: No such process
2019-04-10 14:11:00.053 1793-1812/? I/chatty: uid=1000(system) ActivityManager identical 1 line
2019-04-10 14:11:00.066 1793-1812/? W/zygote: kill(-20164, 9) failed: No such process
2019-04-10 14:11:00.066 1793-1812/? I/zygote: Successfully killed process cgroup uid 10160 pid 20164 in 55ms
2019-04-10 14:11:00.083 20877-20918/? E/FA: Invalid public event name. Event will not be logged (FE): Push Notification Received
2019-04-10 14:11:00.137 2216-2216/? D/StatusBar: disable<e i a s b h r c s q >
2019-04-10 14:11:00.159 2216-2216/? D/StatusBar: DozeServiceHost: fireNotificationHeadsUp
2019-04-10 14:11:00.967 812-812/? I/SFPerfTracer:      triggers: (rate: 1508:186649) (compose: 2:119) (post: 0:463) (render: 3:591) (49:1762213 frames) (50:2146719)
2019-04-10 14:11:00.968 812-812/? D/SFPerfTracer:        layers: (4:8) (StatusBar#0 (0xaf6e2000): 41:220969) (com.android.systemui.ImageWallpaper#0 (0xaf6f2000): 0:4554) (Sprite#0 (0xaf67c000): 0:184)* (DimLayerController/Stack=0#0 (0xaf6db000): 0:7765)* (animation background stackId=1#0 (0xaf644000): 0:766)* (NavigationBar#0 (0xaf617000): 0:53) (com.android.launcher3/com.android.launcher3.CustomizationPanelLauncher#0 (0xaf6d1000): 0:67)* (com.android.launcher3/com.android.launcher3.CustomizationPanelLauncher#1 (0xaf679000): 19:33)
2019-04-10 14:11:02.255 812-900/? I/SFPerfTracer:      triggers: (rate: 0:40) (4161321 sw vsyncs) (0 skipped) (49:4136914 vsyncs) (51:8669875)
2019-04-10 14:11:02.325 1793-2068/? I/ActivityManager: START u0 {cmp=com.ticketswap.ticketswap/com.ticketswap.android.ui.event.listing.ListingActivity (has extras)} from uid 10240
2019-04-10 14:11:02.326 798-856/? E/ANDR-PERF-RESOURCEQS: Failed to apply optimization [4, 0]
2019-04-10 14:11:02.334 1793-2068/? W/ActivityManager: startActivity called from non-Activity context; forcing Intent.FLAG_ACTIVITY_NEW_TASK for: Intent { cmp=com.ticketswap.ticketswap/com.ticketswap.android.ui.event.listing.ListingActivity (has extras) }
2019-04-10 14:11:02.341 1793-8406/? E/ActivityManager: applyOptionsLocked: Unknown animationType=0
2019-04-10 14:11:02.485 20877-20877/? V/FA: onActivityCreated
2019-04-10 14:11:02.491 20877-20898/? D/com.facebook.i: getGraphApiVersion: v3.0
2019-04-10 14:11:02.609 20877-20918/? E/FA: Name must consist of letters, digits or _ (underscores). Type, name: event, Push Notification Tapped
2019-04-10 14:11:02.609 20877-20918/? E/FA: Invalid public event name. Event will not be logged (FE): Push Notification Tapped
2019-04-10 14:11:02.612 20877-20918/? E/FA: Missing google_app_id. Firebase Analytics disabled. See https://goo.gl/NAOOOI
2019-04-10 14:11:02.615 20877-20918/? E/FA: Name must consist of letters, digits or _ (underscores). Type, name: event, Application Opened
2019-04-10 14:11:02.615 20877-20918/? E/FA: Invalid public event name. Event will not be logged (FE): Application Opened
2019-04-10 14:11:02.642 20877-20877/? D/b[e] - 151: Created DefaultLogger
2019-04-10 14:11:02.643 20877-20877/? D/b[a] - 79: Using provided auth provider
2019-04-10 14:11:02.644 20877-20877/? D/b[d] - 138: Created DefaultExecutors
2019-04-10 14:11:02.647 20877-20877/? D/b[c] - 124: Created DefaultSerializer
2019-04-10 14:11:02.648 20877-20877/? D/b[b] - 110: Created DefaultHttpProvider
2019-04-10 14:11:02.714 2216-2216/? D/StatusBar: disable<e i a s b h r c s q >
2019-04-10 14:11:02.764 20877-20877/? D/LogcatTool: Activity Start
    name: ListingActivity
2019-04-10 14:11:02.773 773-1977/? I/MotoSensors: Sensorhub hal setDelay: 1 - 66
2019-04-10 14:11:02.774 773-1977/? I/MotoSensors: Sensorhub hal setdelay: 1 - 66
2019-04-10 14:11:02.775 773-1977/? I/MotoSensors: Sensorhub hal enable: 1 - 1
2019-04-10 14:11:02.775 773-1977/? I/MotoSensors: HubSensors::updateAccelRate 66
2019-04-10 14:11:02.778 20877-20877/? D/LogcatTool: GraphQL Operation: GetTermsAgreed
2019-04-10 14:11:02.778 20877-20918/? V/FA: Connecting to remote service
2019-04-10 14:11:02.782 20877-20918/? V/FA: Activity resumed, time: 1158631584
2019-04-10 14:11:02.804 20877-20997/? D/OpenGLRenderer: HWUI GL Pipeline
2019-04-10 14:11:02.809 20877-20877/? D/LogcatTool: GraphQL Operation: GetListing
2019-04-10 14:11:02.831 20877-20997/? I/Adreno: QUALCOMM build                   : bb5b86c, I77d3059488
    Build Date                       : 06/07/18
    OpenGL ES Shader Compiler Version: EV031.22.00.01_06
    Local Branch                     :
    Remote Branch                    : refs/tags/AU_LINUX_ANDROID_LA.UM.6.5.R1.08.01.00.312.086
    Remote Branch                    : NONE
    Reconstruct Branch               : NOTHING
2019-04-10 14:11:02.834 20877-20997/? D/vndksupport: Loading /vendor/lib/hw/gralloc.msm8937.so from current namespace instead of sphal namespace.
2019-04-10 14:11:02.845 20877-20997/? I/Adreno: PFP: 0x005ff087, ME: 0x005ff063
2019-04-10 14:11:02.852 20877-20997/? I/zygote: android::hardware::configstore::V1_0::ISurfaceFlingerConfigs::hasWideColorDisplay retrieved: 0
2019-04-10 14:11:02.853 20877-20997/? I/OpenGLRenderer: Initialized EGL, version 1.4
2019-04-10 14:11:02.853 20877-20997/? D/OpenGLRenderer: Swap behavior 2
2019-04-10 14:11:02.869 20877-20997/? D/vndksupport: Loading /vendor/lib/hw/android.hardware.graphics.mapper@2.0-impl.so from current namespace instead of sphal namespace.
2019-04-10 14:11:02.870 20877-20997/? D/vndksupport: Loading /vendor/lib/hw/gralloc.msm8937.so from current namespace instead of sphal namespace.
2019-04-10 14:11:02.908 1793-1817/? I/LaunchCheckinHandler: Displayed com.ticketswap.ticketswap/com.ticketswap.android.ui.event.listing.ListingActivity,wp,ca,566
2019-04-10 14:11:02.910 1793-1817/? I/ActivityManager: Displayed com.ticketswap.ticketswap/com.ticketswap.android.ui.event.listing.ListingActivity: +561ms
2019-04-10 14:11:02.917 20877-20918/? D/FA: Connected to remote service
2019-04-10 14:11:02.918 20877-20918/? V/FA: Processing queued up service tasks: 1
2019-04-10 14:11:03.019 20877-20877/? W/InputMethodManager: Ignoring onBind: cur seq=7564, given seq=7563
2019-04-10 14:11:03.020 20877-20877/? W/Glide: Load failed for null with size [0x0]
    class com.bumptech.glide.load.engine.GlideException: Received null model
2019-04-10 14:11:03.246 20877-20995/? W/InstanceID: Instance ID SDK is deprecated, com.ticketswap.ticketswap should update to use Firebase Instance ID
2019-04-10 14:11:03.367 20877-20995/? D/LogcatTool: GraphQL Operation: AddDevice
2019-04-10 14:11:03.542 27666-21014/? I/PBSessionCacheImpl: Deleted sessionId[2695602146128] from persistence.
2019-04-10 14:11:03.546 20877-20918/? E/FA: Name must consist of letters, digits or _ (underscores). Type, name: event, Listing Viewed
2019-04-10 14:11:03.546 20877-20918/? E/FA: Invalid public event name. Event will not be logged (FE): Listing Viewed
2019-04-10 14:11:03.550 20877-20995/? D/LogcatTool: Added device: cHuY40V0EpY
2019-04-10 14:11:03.595 1793-8406/? I/WifiService: getWifiEnabledState uid=10065
2019-04-10 14:11:03.610 27666-27703/? W/SearchServiceCore: Abort, client detached.
2019-04-10 14:11:03.612 27666-27703/? I/StreamController: cleanUpControllerScope(nowcards-15-450441c2-40e1)
2019-04-10 14:11:04.471 812-812/? I/SFPerfTracer:      triggers: (rate: 1508:186649) (compose: 2:119) (post: 0:463) (render: 3:591) (51:1762327 frames) (52:2146845)
2019-04-10 14:11:04.471 812-812/? D/SFPerfTracer:        layers: (3:10) (StatusBar#0 (0xaf6e2000): 0:220998) (com.android.systemui.ImageWallpaper#0 (0xaf6f2000): 0:4555)* (Sprite#0 (0xaf67c000): 0:184)* (DimLayerController/Stack=0#0 (0xaf6db000): 0:7765)* (animation background stackId=1#0 (0xaf644000): 0:768)* (NavigationBar#0 (0xaf617000): 52:144) (com.android.launcher3/com.android.launcher3.CustomizationPanelLauncher#0 (0xaf6d1000): 0:70)- (com.android.launcher3/com.android.launcher3.CustomizationPanelLauncher#1 (0xaf679000): 0:36)- (Splash Screen com.ticketswap.ticketswap#0 (0xaf657000): 0:35)- (com.ticketswap.ticketswap/com.ticketswap.android.ui.event.listing.ListingActivity#0 (0xaf2c1000): 12:44)
2019-04-10 14:11:05.036 812-900/? I/SFPerfTracer:      triggers: (rate: 0:40) (4161321 sw vsyncs) (0 skipped) (123:4137037 vsyncs) (125:8670002)
2019-04-10 14:11:05.123 1793-8406/? I/ActivityManager: START u0 {flg=0x10804000 cmp=com.android.systemui/.recents.RecentsActivity} from uid 10064
2019-04-10 14:11:05.129 2216-2216/? E/BufferItemConsumer: [unnamed-2216-1594] Failed to release buffer: Unknown error -1 (1)
2019-04-10 14:11:05.148 773-773/? I/MotoSensors: Sensorhub hal enable: 1 - 0
2019-04-10 14:11:05.150 20877-20918/? V/FA: Recording user engagement, ms: 2373
2019-04-10 14:11:05.151 20877-20918/? V/FA: Activity paused, time: 1158633957
2019-04-10 14:11:05.154 20877-20918/? E/FA: Missing google_app_id. Firebase Analytics disabled. See https://goo.gl/NAOOOI
2019-04-10 14:11:05.186 20877-20877/? D/LogcatTool: Activity Stop
    name: ListingActivity
2019-04-10 14:11:05.201 2216-2216/? E/BufferItemConsumer: [unnamed-2216-1595] Failed to release buffer: Unknown error -1 (1)
2019-04-10 14:11:05.266 1793-1817/? I/LaunchCheckinHandler: Displayed com.android.systemui/.recents.RecentsActivity,wp,wa,143
2019-04-10 14:11:05.380 2216-2242/? I/zygote: NativeAlloc concurrent copying GC freed 136638(5MB) AllocSpace objects, 0(0B) LOS objects, 49% free, 8MB/17MB, paused 144us total 120.697ms
2019-04-10 14:11:05.629 1793-16979/? I/OpenGLRenderer: Initialized EGL, version 1.4
2019-04-10 14:11:05.629 1793-16979/? D/OpenGLRenderer: Swap behavior 2
2019-04-10 14:11:06.016 786-786/? D/QTI PowerHAL: JDG: 1426
2019-04-10 14:11:06.312 1793-5352/? I/ActivityManager: Killing 20877:com.ticketswap.ticketswap/u0a240 (adj 900): remove task
2019-04-10 14:11:06.313 1793-1812/? W/zygote: kill(-20877, 9) failed: No such process
2019-04-10 14:11:06.338 1793-7249/? I/WindowManager: WIN DEATH: Window{bbc781a u0 com.ticketswap.ticketswap/com.ticketswap.android.ui.event.listing.ListingActivity}
2019-04-10 14:11:06.350 1793-1817/? W/ActivityManager: setHasOverlayUi called on unknown pid: 20877
2019-04-10 14:11:06.343 1793-1812/? I/chatty: uid=1000(system) ActivityManager identical 2 lines
2019-04-10 14:11:06.356 1793-1812/? W/zygote: kill(-20877, 9) failed: No such process
2019-04-10 14:11:06.356 1793-1812/? I/zygote: Successfully killed process cgroup uid 10240 pid 20877 in 43ms
2019-04-10 14:11:07.322 812-900/? I/SFPerfTracer:      triggers: (rate: 0:40) (4161321 sw vsyncs) (0 skipped) (67:4137136 vsyncs) (69:8670105)
2019-04-10 14:11:07.629 812-812/? I/SFPerfTracer:      triggers: (rate: 1508:186649) (compose: 2:119) (post: 0:463) (render: 3:591) (12:1762422 frames) (13:2146949)
2019-04-10 14:11:07.629 812-812/? D/SFPerfTracer:        layers: (4:9) (StatusBar#0 (0xaf6e2000): 0:221001) (com.android.systemui.ImageWallpaper#0 (0xaf6f2000): 0:4556) (Sprite#0 (0xaf67c000): 0:184)* (DimLayerController/Stack=0#0 (0xaf6db000): 0:7765)* (animation background stackId=1#0 (0xaf644000): 0:768)* (NavigationBar#0 (0xaf617000): 0:175) (com.ticketswap.ticketswap/com.ticketswap.android.ui.event.listing.ListingActivity#0 (0xaf2c1000): 0:67)- (com.android.systemui/com.android.systemui.recents.RecentsActivity#0 (0xaf6d1000): 13:78) (thumbnail anim#0 (0xaf657000): 0:23)-
2019-04-10 14:11:08.229 20321-20368/? D/Sync.com: WATCH_INTERVAL_SEC60
2019-04-10 14:11:08.229 20321-20368/? D/NativeApi: watcher loop 60000 - contiuedfalse
